66.0 APEX_CODE,DEBUG;APEX_PROFILING,INFO
Execute Anonymous: // Cria o registro informando apenas o Login do GitHub
Execute Anonymous: DevUser__c novoDev = new DevUser__c(Login__c = 'octocat');
Execute Anonymous: insert novoDev;
10:39:42.31 (31152768)|USER_INFO|[EXTERNAL]|005g8000004H4hd|allan.felipe@playful-narwhal-ou7ijc.com|(GMT-03:00) Brasilia Standard Time (America/Sao_Paulo)|GMT-03:00
10:39:42.31 (31176878)|EXECUTION_STARTED
10:39:42.31 (31192964)|CODE_UNIT_STARTED|[EXTERNAL]|execute_anonymous_apex
10:39:42.31 (145866814)|CODE_UNIT_STARTED|[EXTERNAL]|01qg8000000i2Vx|DevUserTrigger on DevUser trigger event AfterInsert|__sfdc_trigger/DevUserTrigger
10:39:42.170 (170841362)|CUMULATIVE_LIMIT_USAGE
10:39:42.170 (170841362)|LIMIT_USAGE_FOR_NS|(default)|
  Number of SOQL queries: 0 out of 100
  Number of query rows: 0 out of 50000
  Number of SOSL queries: 0 out of 20
  Number of DML statements: 1 out of 150
  Number of Publish Immediate DML: 0 out of 150
  Number of DML rows: 1 out of 10000
  Maximum CPU time: 0 out of 10000
  Maximum heap size: 0 out of 6000000
  Number of callouts: 0 out of 100
  Number of Email Invocations: 0 out of 10
  Number of future calls: 0 out of 50
  Number of queueable jobs added to the queue: 1 out of 50
  Number of Mobile Apex push calls: 0 out of 10

10:39:42.170 (170841362)|CUMULATIVE_LIMIT_USAGE_END

10:39:42.31 (171034420)|CODE_UNIT_FINISHED|DevUserTrigger on DevUser trigger event AfterInsert|__sfdc_trigger/DevUserTrigger
10:39:42.201 (201790484)|CUMULATIVE_LIMIT_USAGE
10:39:42.201 (201790484)|LIMIT_USAGE_FOR_NS|(default)|
  Number of SOQL queries: 0 out of 100
  Number of query rows: 0 out of 50000
  Number of SOSL queries: 0 out of 20
  Number of DML statements: 1 out of 150
  Number of Publish Immediate DML: 0 out of 150
  Number of DML rows: 1 out of 10000
  Maximum CPU time: 0 out of 10000
  Maximum heap size: 0 out of 6000000
  Number of callouts: 0 out of 100
  Number of Email Invocations: 0 out of 10
  Number of future calls: 0 out of 50
  Number of queueable jobs added to the queue: 1 out of 50
  Number of Mobile Apex push calls: 0 out of 10

10:39:42.201 (201790484)|CUMULATIVE_LIMIT_USAGE_END

10:39:42.31 (201877383)|CODE_UNIT_FINISHED|execute_anonymous_apex
10:39:42.31 (201897664)|EXECUTION_FINISHED
